[0.004s][info][gc,init] CardTable entry size: 512
[0.005s][info][gc     ] Using G1
[0.006s][info][gc,init] Version: 25.0.2+10-LTS (release)
[0.006s][info][gc,init] CPUs: 8 total, 8 available
[0.007s][info][gc,init] Memory: 7837M
[0.007s][info][gc,init] Large Page Support: Disabled
[0.007s][info][gc,init] NUMA Support: Disabled
[0.007s][info][gc,init] Compressed Oops: Enabled (32-bit)
[0.007s][info][gc,init] Heap Region Size: 1M
[0.007s][info][gc,init] Heap Min Capacity: 8M
[0.007s][info][gc,init] Heap Initial Capacity: 124M
[0.007s][info][gc,init] Heap Max Capacity: 512M
[0.007s][info][gc,init] Pre-touch: Disabled
[0.007s][info][gc,init] Parallel Workers: 8
[0.007s][info][gc,init] Concurrent Workers: 2
[0.007s][info][gc,init] Concurrent Refinement Workers: 8
[0.007s][info][gc,init] Periodic GC: Disabled
[0.007s][info][gc,init] G1 Time-Based Heap Sizing enabled (uncommit-only)
[0.008s][info][gc,init] Evaluation Interval: 60s, Uncommit Delay: 300s, Min Regions To Uncommit: 10
[0.011s][info][gc,metaspace] CDS archive(s) mapped at: [0x00001fe000000000-0x00001fe000db0000-0x00001fe000db0000), size 14352384, SharedBaseAddress: 0x00001fe000000000, ArchiveRelocationMode: 1.
[0.011s][info][gc,metaspace] Compressed class space mapped at: 0x00001fe001000000-0x00001fe041000000, reserved size: 1073741824
[0.011s][info][gc,metaspace] UseCompressedClassPointers 1, UseCompactObjectHeaders 0
[0.011s][info][gc,metaspace] Narrow klass pointer bits 32, Max shift 3
[0.011s][info][gc,metaspace] Narrow klass base: 0x00001fe000000000, Narrow klass shift: 0
[0.011s][info][gc,metaspace] Encoding Range: [0x00001fe000000000 - 0x00001fe100000000), (4294967296 bytes)
[0.011s][info][gc,metaspace] Klass Range:    [0x00001fe000010000 - 0x00001fe041000000), (1090453504 bytes)
[0.011s][info][gc,metaspace] Klass ID Range:  [65536 - 1090519033) (1090453497)
[0.011s][info][gc,metaspace] Protection zone: [0x00001fe000000000 - 0x00001fe000010000), (65536 bytes)
// 1回目のGCのログ
[0.023s][info][gc,start    ] GC(0) Pause Full (System.gc())
[0.023s][info][gc,task     ] GC(0) Using 3 workers of 8 for full compaction
[0.023s][info][gc,phases,start] GC(0) Phase 1: Mark live objects
[0.024s][info][gc,phases      ] GC(0) Phase 1: Mark live objects 0.676ms
[0.024s][info][gc,phases,start] GC(0) Phase 2: Prepare compaction
[0.024s][info][gc,phases      ] GC(0) Phase 2: Prepare compaction 0.177ms
[0.024s][info][gc,phases,start] GC(0) Phase 3: Adjust pointers
[0.025s][info][gc,phases      ] GC(0) Phase 3: Adjust pointers 0.506ms
[0.025s][info][gc,phases,start] GC(0) Phase 4: Compact heap
[0.025s][info][gc,phases      ] GC(0) Phase 4: Compact heap 0.220ms
[0.025s][info][gc,phases,start] GC(0) Phase 5: Reset Metadata
[0.025s][info][gc,phases      ] GC(0) Phase 5: Reset Metadata 0.338ms
[0.026s][info][gc,heap        ] GC(0) Heap shrink details: uncommitted 116 regions (116MB), heap size now 10MB
[0.026s][info][gc,heap        ] GC(0) Eden regions: 1->0(3)
[0.026s][info][gc,heap        ] GC(0) Survivor regions: 0->0(0)
[0.026s][info][gc,heap        ] GC(0) Old regions: 2->3
[0.026s][info][gc,heap        ] GC(0) Humongous regions: 0->0
[0.026s][info][gc,metaspace   ] GC(0) Metaspace: 117K(320K)->117K(320K) NonClass: 114K(192K)->114K(192K) Class: 2K(128K)->2K(128K)
[0.026s][info][gc             ] GC(0) Pause Full (System.gc()) 2M->1M(10M) 3.229ms
[0.026s][info][gc,cpu         ] GC(0) User=0.00s Sys=0.00s Real=0.00s
[0.027s][info][gc,start       ] GC(1) Pause Young (Concurrent Start) (G1 Humongous Allocation)
[0.027s][info][gc,task        ] GC(1) Using 2 workers of 8 for evacuation
[0.028s][info][gc,phases      ] GC(1)   Pre Evacuate Collection Set: 0.15ms
[0.028s][info][gc,phases      ] GC(1)   Merge Heap Roots: 0.04ms
[0.028s][info][gc,phases      ] GC(1)   Evacuate Collection Set: 0.10ms
[0.028s][info][gc,phases      ] GC(1)   Post Evacuate Collection Set: 0.18ms
[0.028s][info][gc,phases      ] GC(1)   Other: 0.05ms
[0.028s][info][gc,heap        ] GC(1) Eden regions: 1->0(1)
[0.028s][info][gc,heap        ] GC(1) Survivor regions: 0->1(1)
[0.028s][info][gc,heap        ] GC(1) Old regions: 3->3
[0.028s][info][gc,heap        ] GC(1) Humongous regions: 2->2
[0.028s][info][gc,metaspace   ] GC(1) Metaspace: 117K(320K)->117K(320K) NonClass: 114K(192K)->114K(192K) Class: 2K(128K)->2K(128K)
[0.028s][info][gc             ] GC(1) Pause Young (Concurrent Start) (G1 Humongous Allocation) 3M->3M(10M) 1.140ms
[0.028s][info][gc,cpu         ] GC(1) User=0.00s Sys=0.00s Real=0.00s
[0.028s][info][gc             ] GC(2) Concurrent Mark Cycle
[0.030s][info][gc,marking     ] GC(2) Concurrent Scan Root Regions
[0.030s][info][gc,marking     ] GC(2) Concurrent Scan Root Regions 0.150ms
[0.030s][info][gc,marking     ] GC(2) Concurrent Mark
[0.030s][info][gc,marking     ] GC(2) Concurrent Mark From Roots
[0.030s][info][gc,task        ] GC(2) Using 2 workers of 2 for marking
[0.031s][info][gc,marking     ] GC(2) Concurrent Mark From Roots 1.588ms
[0.031s][info][gc,marking     ] GC(2) Concurrent Preclean
[0.032s][info][gc,marking     ] GC(2) Concurrent Preclean 0.053ms
[0.035s][info][gc,start       ] GC(2) Pause Remark
[0.036s][info][gc             ] GC(2) Pause Remark 77M->77M(134M) 0.414ms
[0.036s][info][gc,cpu         ] GC(2) User=0.00s Sys=0.00s Real=0.00s
[0.036s][info][gc,marking     ] GC(2) Concurrent Mark 5.971ms
[0.036s][info][gc,marking     ] GC(2) Concurrent Rebuild Remembered Sets and Scrub Regions
[0.036s][info][gc,marking     ] GC(2) Concurrent Rebuild Remembered Sets and Scrub Regions 0.602ms
[0.044s][info][gc,start       ] GC(2) Pause Cleanup
[0.044s][info][gc             ] GC(2) Pause Cleanup 187M->187M(191M) 0.074ms
[0.044s][info][gc,cpu         ] GC(2) User=0.00s Sys=0.00s Real=0.00s
[0.044s][info][gc,marking     ] GC(2) Concurrent Clear Claimed Marks
[0.044s][info][gc,marking     ] GC(2) Concurrent Clear Claimed Marks 0.047ms
[0.044s][info][gc,marking     ] GC(2) Concurrent Cleanup for Next Mark
[0.044s][info][gc,marking     ] GC(2) Concurrent Cleanup for Next Mark 0.500ms
[0.044s][info][gc             ] GC(2) Concurrent Mark Cycle 16.171ms
// 2回目のGC
[2.046s][info][gc,start       ] GC(3) Pause Full (System.gc())
[2.047s][info][gc,task        ] GC(3) Using 4 workers of 8 for full compaction
[2.047s][info][gc,phases,start] GC(3) Phase 1: Mark live objects
[2.050s][info][gc,phases      ] GC(3) Phase 1: Mark live objects 2.462ms
[2.050s][info][gc,phases,start] GC(3) Phase 2: Prepare compaction
[2.050s][info][gc,phases      ] GC(3) Phase 2: Prepare compaction 0.447ms
[2.051s][info][gc,phases,start] GC(3) Phase 3: Adjust pointers
[2.051s][info][gc,phases      ] GC(3) Phase 3: Adjust pointers 0.834ms
[2.052s][info][gc,phases,start] GC(3) Phase 4: Compact heap
[2.052s][info][gc,phases      ] GC(3) Phase 4: Compact heap 0.353ms
[2.052s][info][gc,phases,start] GC(3) Phase 5: Reset Metadata
[2.053s][info][gc,phases      ] GC(3) Phase 5: Reset Metadata 0.486ms
[2.054s][info][gc,heap        ] GC(3) Eden regions: 1->0(16)
[2.054s][info][gc,heap        ] GC(3) Survivor regions: 1->0(1)
[2.054s][info][gc,heap        ] GC(3) Old regions: 3->2
[2.054s][info][gc,heap        ] GC(3) Humongous regions: 200->200
[2.054s][info][gc,metaspace   ] GC(3) Metaspace: 125K(320K)->125K(320K) NonClass: 120K(192K)->120K(192K) Class: 4K(128K)->4K(128K)
[2.055s][info][gc             ] GC(3) Pause Full (System.gc()) 201M->201M(337M) 8.567ms
[2.055s][info][gc,cpu         ] GC(3) User=0.00s Sys=0.00s Real=0.01s
// 3回目のGC Humongous regionsが回収されている
[4.056s][info][gc,start       ] GC(4) Pause Full (System.gc())
[4.057s][info][gc,task        ] GC(4) Using 8 workers of 8 for full compaction
[4.057s][info][gc,phases,start] GC(4) Phase 1: Mark live objects
[4.058s][info][gc,phases      ] GC(4) Phase 1: Mark live objects 0.837ms
[4.058s][info][gc,phases,start] GC(4) Phase 2: Prepare compaction
[4.058s][info][gc,phases      ] GC(4) Phase 2: Prepare compaction 0.175ms
[4.058s][info][gc,phases,start] GC(4) Phase 3: Adjust pointers
[4.058s][info][gc,phases      ] GC(4) Phase 3: Adjust pointers 0.358ms
[4.058s][info][gc,phases,start] GC(4) Phase 4: Compact heap
[4.059s][info][gc,phases      ] GC(4) Phase 4: Compact heap 0.124ms
[4.059s][info][gc,phases,start] GC(4) Phase 5: Reset Metadata
[4.059s][info][gc,phases      ] GC(4) Phase 5: Reset Metadata 0.218ms
[4.059s][info][gc,heap        ] GC(4) Heap shrink details: uncommitted 329 regions (329MB), heap size now 8MB
[4.059s][info][gc,heap        ] GC(4) Eden regions: 1->0(2)
[4.059s][info][gc,heap        ] GC(4) Survivor regions: 0->0(1)
[4.059s][info][gc,heap        ] GC(4) Old regions: 2->2
[4.059s][info][gc,heap        ] GC(4) Humongous regions: 200->0
[4.059s][info][gc,metaspace   ] GC(4) Metaspace: 125K(320K)->125K(320K) NonClass: 120K(192K)->120K(192K) Class: 4K(128K)->4K(128K)
[4.059s][info][gc             ] GC(4) Pause Full (System.gc()) 201M->1M(8M) 3.061ms
[4.059s][info][gc,cpu         ] GC(4) User=0.00s Sys=0.00s Real=0.00s
[4.060s][info][gc,exit        ] Heap
[4.060s][info][gc,exit        ]  garbage-first heap   total reserved 524288K, committed 8192K, used 1534K [0x00000000e0000000, 0x0000000100000000)
[4.060s][info][gc,exit        ]   region size 1024K, 1 young (1024K), 0 survivors (0K)
[4.060s][info][gc,exit        ]  Metaspace       used 125K, committed 320K, reserved 1114112K
[4.060s][info][gc,exit        ]   class space    used 4K, committed 128K, reserved 1048576K
